#
# A fatal error has been detected by the Java Runtime Environment:
#
#  EXCEPTION_ACCESS_VIOLATION (0xc0000005) at pc=0x00007ffdfa97bcfd, pid=5864, tid=20544
#
# JRE version: OpenJDK Runtime Environment Corretto-21.0.4.7.1 (21.0.4+7) (build 21.0.4+7-LTS)
# Java VM: OpenJDK 64-Bit Server VM Corretto-21.0.4.7.1 (21.0.4+7-LTS, mixed mode, sharing, tiered, compressed oops, compressed class ptrs, g1 gc, windows-amd64)
# Problematic frame:
# C  [nvoglv64.dll+0x14fbcfd]
#
# No core dump will be written. Minidumps are not enabled by default on client versions of Windows
#
# If you would like to submit a bug report, please visit:
#   https://github.com/corretto/corretto-21/issues/
# The crash happened outside the Java Virtual Machine in native code.
# See problematic frame for where to report the bug.
#

---------------  S U M M A R Y ------------

Command Line: -Dfile.encoding=UTF-8 -Duser.country=US -Duser.language=en -Duser.variant net.ice.rune.Rune

Host: 12th Gen Intel(R) Core(TM) i9-12900K, 24 cores, 63G,  Windows 11 , 64 bit Build 22621 (10.0.22621.5415)
Time: Sat Jun 21 12:51:20 2025 Eastern Daylight Time elapsed time: 0.702286 seconds (0d 0h 0m 0s)

---------------  T H R E A D  ---------------

Current thread (0x0000017f2e4fd7d0):  JavaThread "main"             [_thread_in_native, id=20544, stack(0x0000004b9af00000,0x0000004b9b000000) (1024K)]

Stack: [0x0000004b9af00000,0x0000004b9b000000],  sp=0x0000004b9afff1d8,  free space=1020k
Native frames: (J=compiled Java code, j=interpreted, Vv=VM code, C=native code)
C  [nvoglv64.dll+0x14fbcfd]

Java frames: (J=compiled Java code, j=interpreted, Vv=VM code)
j  org.lwjgl.opengl.GL43C.nglMultiDrawElementsIndirect(IIJII)V+0
j  org.lwjgl.opengl.GL43C.glMultiDrawElementsIndirect(IIJII)V+7
j  org.lwjgl.opengl.GL43.glMultiDrawElementsIndirect(IIJII)V+7
j  net.ice.relic.engine.opengl.rendering.SceneRenderer.render(Lnet/ice/relic/engine/opengl/rendering/RenderingBuffer;Lnet/ice/relic/engine/opengl/GeometryBuffer;)V+565
j  net.ice.relic.engine.opengl.rendering.Renderer.render()V+27
j  net.ice.relic.engine.RelicApplication.loop()V+77
j  net.ice.relic.engine.RelicApplication.run()V+5
j  net.ice.rune.Rune.main([Ljava/lang/String;)V+16
v  ~StubRoutines::call_stub 0x0000017f4022100d

siginfo: EXCEPTION_ACCESS_VIOLATION (0xc0000005), reading address 0x0000000000000000


Registers:
RAX=0x0000017fa6751074, RBX=0x0000017fa83ce080, RCX=0x0000017fa6751074, RDX=0x0000000000000000
RSP=0x0000004b9afff1d8, RBP=0x0000000000000000, RSI=0x00000000001002ec, RDI=0x00000000000001e0
R8 =0x00000000000001e0, R9 =0x00000000000001e0, R10=0x00007ffdf9480000, R11=0x0000000000000000
R12=0x0000000000000000, R13=0x0000017fa83d3858, R14=0x0000000000000018, R15=0x0000000000000000
RIP=0x00007ffdfa97bcfd, EFLAGS=0x0000000000010283


Register to memory mapping:

RAX=0x0000017fa6751074 points into unknown readable memory: 00 00 00 00
RBX=0x0000017fa83ce080 points into unknown readable memory: 0x0000000000000000 | 00 00 00 00 00 00 00 00
RCX=0x0000017fa6751074 points into unknown readable memory: 00 00 00 00
RDX=0x0 is null
RSP=0x0000004b9afff1d8 is pointing into the stack for thread: 0x0000017f2e4fd7d0
RBP=0x0 is null
RSI=0x00000000001002ec is an unknown value
RDI=0x00000000000001e0 is an unknown value
R8 =0x00000000000001e0 is an unknown value
R9 =0x00000000000001e0 is an unknown value
R10=0x00007ffdf9480000 nvoglv64.dll
R11=0x0 is null
R12=0x0 is null
R13=0x0000017fa83d3858 points into unknown readable memory: 0x0000000100000003 | 03 00 00 00 01 00 00 00
R14=0x0000000000000018 is an unknown value
R15=0x0 is null

Top of Stack: (sp=0x0000004b9afff1d8)
0x0000004b9afff1d8:   00007ffdf99fa8fd 0000017f2e4fd7d0
0x0000004b9afff1e8:   00007ffe39a24bcf 0000017fa29965d0
0x0000004b9afff1f8:   0000017f2e4fd7d0 0000017f2e4fd7d0
0x0000004b9afff208:   0000004b9afff320 0000017fa29965d0
0x0000004b9afff218:   0000000000000000 0000017f40228860
0x0000004b9afff228:   0000000000000110 0000004b9afff2d8
0x0000004b9afff238:   0000017f4022ce4b 0000017f00000004
0x0000004b9afff248:   0000004b00001405 0000017fa29965d0
0x0000004b9afff258:   0000017f4022cb22 0000000000000000
0x0000004b9afff268:   0000000000000018 0000000000000000
0x0000004b9afff278:   00007ffe39a1a69c 0000017f40228860
0x0000004b9afff288:   0000017f4022cadf 0000004b9afff290
0x0000004b9afff298:   0000017fa29965d0 0000000000000009
0x0000004b9afff2a8:   0000017fa29995d8 0000000000000000
0x0000004b9afff2b8:   0000000441a282d8 0000017fa29965d0
0x0000004b9afff2c8:   0000000000000000 0000004b9afff2f8
0x0000004b9afff2d8:   0000004b9afff370 0000017f40228860
0x0000004b9afff2e8:   0000000441a282d8 0000017f4022a3d7
0x0000004b9afff2f8:   0000000000000000 0000000000000018
0x0000004b9afff308:   0000000000000000 0000000000000000
0x0000004b9afff318:   0000000000001405 0000000000000004
0x0000004b9afff328:   0000004b9afff328 0000017fa29967ef
0x0000004b9afff338:   0000000000000007 0000017fa29995d8
0x0000004b9afff348:   0000000000000000 0000000441a282d8
0x0000004b9afff358:   0000017fa2996840 0000004b9afff2f8
0x0000004b9afff368:   0000004b9afff380 0000004b9afff3f8
0x0000004b9afff378:   0000017f40228860 0000000000000000
0x0000004b9afff388:   0000000000000018 0000000000000000
0x0000004b9afff398:   0000000000000000 0000000000001405
0x0000004b9afff3a8:   0000000000000004 0000004b9afff3b0
0x0000004b9afff3b8:   0000017fa2611547 0000000000000007
0x0000004b9afff3c8:   0000017fa298e000 0000000000000000 

Instructions: (pc=0x00007ffdfa97bcfd)
0x00007ffdfa97bbfd:   08 66 44 89 40 04 44 88 48 06 c3 4c 8b 02 8b 4a
0x00007ffdfa97bc0d:   08 44 0f b7 4a 0c 4c 89 00 89 48 08 66 44 89 48
0x00007ffdfa97bc1d:   0c c3 0f b7 0a 44 0f b6 42 02 66 89 08 44 88 40
0x00007ffdfa97bc2d:   02 c3 90 4c 8b 02 8b 4a 08 44 0f b6 4a 0c 4c 89
0x00007ffdfa97bc3d:   00 89 48 08 44 88 48 0c c3 4c 8b 02 0f b7 4a 08
0x00007ffdfa97bc4d:   4c 89 00 66 89 48 08 c3 4c 8b 02 0f b6 4a 08 4c
0x00007ffdfa97bc5d:   89 00 88 48 08 c3 4c 8b 02 8b 4a 08 4c 89 00 89
0x00007ffdfa97bc6d:   48 08 c3 8b 0a 44 0f b7 42 04 89 08 66 44 89 40
0x00007ffdfa97bc7d:   04 c3 8b 0a 44 0f b6 42 04 89 08 44 88 40 04 c3
0x00007ffdfa97bc8d:   48 8b 0a 48 89 08 c3 0f b6 0a 88 08 c3 8b 0a 89
0x00007ffdfa97bc9d:   08 c3 90 49 83 f8 20 77 17 f3 0f 6f 0a f3 42 0f
0x00007ffdfa97bcad:   6f 54 02 f0 f3 0f 7f 09 f3 42 0f 7f 54 01 f0 c3
0x00007ffdfa97bcbd:   4e 8d 0c 02 48 3b ca 4c 0f 46 c9 49 3b c9 0f 82
0x00007ffdfa97bccd:   3f 04 00 00 83 3d 38 a5 14 01 03 0f 82 e2 02 00
0x00007ffdfa97bcdd:   00 49 81 f8 00 20 00 00 76 16 49 81 f8 00 00 18
0x00007ffdfa97bced:   00 77 0d f6 05 bd 44 25 01 02 0f 85 73 fe ff ff
0x00007ffdfa97bcfd:   c5 fe 6f 02 c4 a1 7e 6f 6c 02 e0 49 81 f8 00 01
0x00007ffdfa97bd0d:   00 00 0f 86 c3 00 00 00 4c 8b c9 49 83 e1 1f 49
0x00007ffdfa97bd1d:   83 e9 20 49 2b c9 49 2b d1 4d 03 c1 49 81 f8 00
0x00007ffdfa97bd2d:   01 00 00 0f 86 a2 00 00 00 49 81 f8 00 00 18 00
0x00007ffdfa97bd3d:   0f 87 3d 01 00 00 66 66 66 66 66 0f 1f 84 00 00
0x00007ffdfa97bd4d:   00 00 00 c5 fe 6f 0a c5 fe 6f 52 20 c5 fe 6f 5a
0x00007ffdfa97bd5d:   40 c5 fe 6f 62 60 c5 fd 7f 09 c5 fd 7f 51 20 c5
0x00007ffdfa97bd6d:   fd 7f 59 40 c5 fd 7f 61 60 c5 fe 6f 8a 80 00 00
0x00007ffdfa97bd7d:   00 c5 fe 6f 92 a0 00 00 00 c5 fe 6f 9a c0 00 00
0x00007ffdfa97bd8d:   00 c5 fe 6f a2 e0 00 00 00 c5 fd 7f 89 80 00 00
0x00007ffdfa97bd9d:   00 c5 fd 7f 91 a0 00 00 00 c5 fd 7f 99 c0 00 00
0x00007ffdfa97bdad:   00 c5 fd 7f a1 e0 00 00 00 48 81 c1 00 01 00 00
0x00007ffdfa97bdbd:   48 81 c2 00 01 00 00 49 81 e8 00 01 00 00 49 81
0x00007ffdfa97bdcd:   f8 00 01 00 00 0f 83 78 ff ff ff 4d 8d 48 1f 49
0x00007ffdfa97bddd:   83 e1 e0 4d 8b d9 49 c1 eb 05 47 8b 9c 9a b0 33
0x00007ffdfa97bded:   43 02 4d 03 da 41 ff e3 c4 a1 7e 6f 8c 0a 00 ff 


Stack slot to memory mapping:

stack at sp + 0 slots: 0x00007ffdf99fa8fd nvoglv64.dll
stack at sp + 1 slots: 0x0000017f2e4fd7d0 is a thread
stack at sp + 2 slots: 0x00007ffe39a24bcf jvm.dll
stack at sp + 3 slots: {method} {0x0000017fa29965d8} 'nglMultiDrawElementsIndirect' '(IIJII)V' in 'org/lwjgl/opengl/GL43C'
stack at sp + 4 slots: 0x0000017f2e4fd7d0 is a thread
stack at sp + 5 slots: 0x0000017f2e4fd7d0 is a thread
stack at sp + 6 slots: 0x0000004b9afff320 is pointing into the stack for thread: 0x0000017f2e4fd7d0
stack at sp + 7 slots: {method} {0x0000017fa29965d8} 'nglMultiDrawElementsIndirect' '(IIJII)V' in 'org/lwjgl/opengl/GL43C'


---------------  P R O C E S S  ---------------

Threads class SMR info:
_java_thread_list=0x0000017f60b45900, length=14, elements={
0x0000017f2e4fd7d0, 0x0000017f601ae350, 0x0000017f601b3430, 0x0000017f601b8420,
0x0000017f601bc840, 0x0000017f601be6c0, 0x0000017f601bf530, 0x0000017f601ccfd0,
0x0000017f601cfe90, 0x0000017f60289c90, 0x0000017f603a4240, 0x0000017f603aac90,
0x0000017f60a472f0, 0x0000017f6047a860
}

Java Threads: ( => current thread )
=>0x0000017f2e4fd7d0 JavaThread "main"                              [_thread_in_native, id=20544, stack(0x0000004b9af00000,0x0000004b9b000000) (1024K)]
  0x0000017f601ae350 JavaThread "Reference Handler"          daemon [_thread_blocked, id=19804, stack(0x0000004b9b700000,0x0000004b9b800000) (1024K)]
  0x0000017f601b3430 JavaThread "Finalizer"                  daemon [_thread_blocked, id=19924, stack(0x0000004b9b800000,0x0000004b9b900000) (1024K)]
  0x0000017f601b8420 JavaThread "Signal Dispatcher"          daemon [_thread_blocked, id=21204, stack(0x0000004b9b900000,0x0000004b9ba00000) (1024K)]
  0x0000017f601bc840 JavaThread "Attach Listener"            daemon [_thread_blocked, id=13940, stack(0x0000004b9ba00000,0x0000004b9bb00000) (1024K)]
  0x0000017f601be6c0 JavaThread "Service Thread"             daemon [_thread_blocked, id=11348, stack(0x0000004b9bb00000,0x0000004b9bc00000) (1024K)]
  0x0000017f601bf530 JavaThread "Monitor Deflation Thread"   daemon [_thread_blocked, id=10004, stack(0x0000004b9bc00000,0x0000004b9bd00000) (1024K)]
  0x0000017f601ccfd0 JavaThread "C2 CompilerThread0"         daemon [_thread_blocked, id=2172, stack(0x0000004b9bd00000,0x0000004b9be00000) (1024K)]
  0x0000017f601cfe90 JavaThread "C1 CompilerThread0"         daemon [_thread_blocked, id=13480, stack(0x0000004b9be00000,0x0000004b9bf00000) (1024K)]
  0x0000017f60289c90 JavaThread "C1 CompilerThread1"         daemon [_thread_blocked, id=9064, stack(0x0000004b9bf00000,0x0000004b9c000000) (1024K)]
  0x0000017f603a4240 JavaThread "Notification Thread"        daemon [_thread_blocked, id=13148, stack(0x0000004b9c000000,0x0000004b9c100000) (1024K)]
  0x0000017f603aac90 JavaThread "Common-Cleaner"             daemon [_thread_blocked, id=20704, stack(0x0000004b9c100000,0x0000004b9c200000) (1024K)]
  0x0000017f60a472f0 JavaThread "C1 CompilerThread2"         daemon [_thread_blocked, id=3536, stack(0x0000004b9c400000,0x0000004b9c500000) (1024K)]
  0x0000017f6047a860 JavaThread "C1 CompilerThread3"         daemon [_thread_blocked, id=7528, stack(0x0000004b9c500000,0x0000004b9c600000) (1024K)]
Total: 14

Other Threads:
  0x0000017f60197430 VMThread "VM Thread"                           [id=9908, stack(0x0000004b9b600000,0x0000004b9b700000) (1024K)]
  0x0000017f60181270 WatcherThread "VM Periodic Task Thread"        [id=2452, stack(0x0000004b9b500000,0x0000004b9b600000) (1024K)]
  0x0000017f307a6c70 WorkerThread "GC Thread#0"                     [id=7836, stack(0x0000004b9b000000,0x0000004b9b100000) (1024K)]
  0x0000017f307abb00 ConcurrentGCThread "G1 Main Marker"            [id=5260, stack(0x0000004b9b100000,0x0000004b9b200000) (1024K)]
  0x0000017f307ac7b0 WorkerThread "G1 Conc#0"                       [id=9868, stack(0x0000004b9b200000,0x0000004b9b300000) (1024K)]
  0x0000017f5cd0cc30 ConcurrentGCThread "G1 Refine#0"               [id=12808, stack(0x0000004b9b300000,0x0000004b9b400000) (1024K)]
  0x0000017f5cd0d7a0 ConcurrentGCThread "G1 Service"                [id=11920, stack(0x0000004b9b400000,0x0000004b9b500000) (1024K)]
Total: 7

Threads with active compile tasks:
Total: 0

VM state: not at safepoint (normal execution)

VM Mutex/Monitor currently owned by a thread: None

Heap address: 0x0000000403800000, size: 16328 MB, Compressed Oops mode: Zero based, Oop shift amount: 3

CDS archive(s) mapped at: [0x0000017f61000000-0x0000017f61c90000-0x0000017f61c90000), size 13172736, SharedBaseAddress: 0x0000017f61000000, ArchiveRelocationMode: 1.
Compressed class space mapped at: 0x0000017f62000000-0x0000017fa2000000, reserved size: 1073741824
Narrow klass base: 0x0000017f61000000, Narrow klass shift: 0, Narrow klass range: 0x100000000

GC Precious Log:
 CardTable entry size: 512
 Card Set container configuration: InlinePtr #cards 4 size 8 Array Of Cards #cards 64 size 144 Howl #buckets 8 coarsen threshold 14745 Howl Bitmap #cards 2048 size 272 coarsen threshold 1843 Card regions per heap region 1 cards per card region 16384
 CPUs: 24 total, 24 available
 Memory: 65299M
 Large Page Support: Disabled
 NUMA Support: Disabled
 Compressed Oops: Enabled (Zero based)
 Heap Region Size: 8M
 Heap Min Capacity: 8M
 Heap Initial Capacity: 1G
 Heap Max Capacity: 16328M
 Pre-touch: Disabled
 Parallel Workers: 18
 Concurrent Workers: 5
 Concurrent Refinement Workers: 18
 Periodic GC: Disabled

Heap:
 garbage-first heap   total 1048576K, used 24576K [0x0000000403800000, 0x0000000800000000)
  region size 8192K, 4 young (32768K), 0 survivors (0K)
 Metaspace       used 8884K, committed 9152K, reserved 1114112K
  class space    used 531K, committed 640K, reserved 1048576K

Heap Regions: E=young(eden), S=young(survivor), O=old, HS=humongous(starts), HC=humongous(continues), CS=collection set, F=free, TAMS=top-at-mark-start, PB=parsable bottom
|   0|0x0000000403800000, 0x0000000403800000, 0x0000000404000000|  0%| F|  |TAMS 0x0000000403800000| PB 0x0000000403800000| Untracked 
|   1|0x0000000404000000, 0x0000000404000000, 0x0000000404800000|  0%| F|  |TAMS 0x0000000404000000| PB 0x0000000404000000| Untracked 
|   2|0x0000000404800000, 0x0000000404800000, 0x0000000405000000|  0%| F|  |TAMS 0x0000000404800000| PB 0x0000000404800000| Untracked 
|   3|0x0000000405000000, 0x0000000405000000, 0x0000000405800000|  0%| F|  |TAMS 0x0000000405000000| PB 0x0000000405000000| Untracked 
|   4|0x0000000405800000, 0x0000000405800000, 0x0000000406000000|  0%| F|  |TAMS 0x0000000405800000| PB 0x0000000405800000| Untracked 
|   5|0x0000000406000000, 0x0000000406000000, 0x0000000406800000|  0%| F|  |TAMS 0x0000000406000000| PB 0x0000000406000000| Untracked 
|   6|0x0000000406800000, 0x0000000406800000, 0x0000000407000000|  0%| F|  |TAMS 0x0000000406800000| PB 0x0000000406800000| Untracked 
|   7|0x0000000407000000, 0x0000000407000000, 0x0000000407800000|  0%| F|  |TAMS 0x0000000407000000| PB 0x0000000407000000| Untracked 
|   8|0x0000000407800000, 0x0000000407800000, 0x0000000408000000|  0%| F|  |TAMS 0x0000000407800000| PB 0x0000000407800000| Untracked 
|   9|0x0000000408000000, 0x0000000408000000, 0x0000000408800000|  0%| F|  |TAMS 0x0000000408000000| PB 0x0000000408000000| Untracked 
|  10|0x0000000408800000, 0x0000000408800000, 0x0000000409000000|  0%| F|  |TAMS 0x0000000408800000| PB 0x0000000408800000| Untracked 
|  11|0x0000000409000000, 0x0000000409000000, 0x0000000409800000|  0%| F|  |TAMS 0x0000000409000000| PB 0x0000000409000000| Untracked 
|  12|0x0000000409800000, 0x0000000409800000, 0x000000040a000000|  0%| F|  |TAMS 0x0000000409800000| PB 0x0000000409800000| Untracked 
|  13|0x000000040a000000, 0x000000040a000000, 0x000000040a800000|  0%| F|  |TAMS 0x000000040a000000| PB 0x000000040a000000| Untracked 
|  14|0x000000040a800000, 0x000000040a800000, 0x000000040b000000|  0%| F|  |TAMS 0x000000040a800000| PB 0x000000040a800000| Untracked 
|  15|0x000000040b000000, 0x000000040b000000, 0x000000040b800000|  0%| F|  |TAMS 0x000000040b000000| PB 0x000000040b000000| Untracked 
|  16|0x000000040b800000, 0x000000040b800000, 0x000000040c000000|  0%| F|  |TAMS 0x000000040b800000| PB 0x000000040b800000| Untracked 
|  17|0x000000040c000000, 0x000000040c000000, 0x000000040c800000|  0%| F|  |TAMS 0x000000040c000000| PB 0x000000040c000000| Untracked 
|  18|0x000000040c800000, 0x000000040c800000, 0x000000040d000000|  0%| F|  |TAMS 0x000000040c800000| PB 0x000000040c800000| Untracked 
|  19|0x000000040d000000, 0x000000040d000000, 0x000000040d800000|  0%| F|  |TAMS 0x000000040d000000| PB 0x000000040d000000| Untracked 
|  20|0x000000040d800000, 0x000000040d800000, 0x000000040e000000|  0%| F|  |TAMS 0x000000040d800000| PB 0x000000040d800000| Untracked 
|  21|0x000000040e000000, 0x000000040e000000, 0x000000040e800000|  0%| F|  |TAMS 0x000000040e000000| PB 0x000000040e000000| Untracked 
|  22|0x000000040e800000, 0x000000040e800000, 0x000000040f000000|  0%| F|  |TAMS 0x000000040e800000| PB 0x000000040e800000| Untracked 
|  23|0x000000040f000000, 0x000000040f000000, 0x000000040f800000|  0%| F|  |TAMS 0x000000040f000000| PB 0x000000040f000000| Untracked 
|  24|0x000000040f800000, 0x000000040f800000, 0x0000000410000000|  0%| F|  |TAMS 0x000000040f800000| PB 0x000000040f800000| Untracked 
|  25|0x0000000410000000, 0x0000000410000000, 0x0000000410800000|  0%| F|  |TAMS 0x0000000410000000| PB 0x0000000410000000| Untracked 
|  26|0x0000000410800000, 0x0000000410800000, 0x0000000411000000|  0%| F|  |TAMS 0x0000000410800000| PB 0x0000000410800000| Untracked 
|  27|0x0000000411000000, 0x0000000411000000, 0x0000000411800000|  0%| F|  |TAMS 0x0000000411000000| PB 0x0000000411000000| Untracked 
|  28|0x0000000411800000, 0x0000000411800000, 0x0000000412000000|  0%| F|  |TAMS 0x0000000411800000| PB 0x0000000411800000| Untracked 
|  29|0x0000000412000000, 0x0000000412000000, 0x0000000412800000|  0%| F|  |TAMS 0x0000000412000000| PB 0x0000000412000000| Untracked 
|  30|0x0000000412800000, 0x0000000412800000, 0x0000000413000000|  0%| F|  |TAMS 0x0000000412800000| PB 0x0000000412800000| Untracked 
|  31|0x0000000413000000, 0x0000000413000000, 0x0000000413800000|  0%| F|  |TAMS 0x0000000413000000| PB 0x0000000413000000| Untracked 
|  32|0x0000000413800000, 0x0000000413800000, 0x0000000414000000|  0%| F|  |TAMS 0x0000000413800000| PB 0x0000000413800000| Untracked 
|  33|0x0000000414000000, 0x0000000414000000, 0x0000000414800000|  0%| F|  |TAMS 0x0000000414000000| PB 0x0000000414000000| Untracked 
|  34|0x0000000414800000, 0x0000000414800000, 0x0000000415000000|  0%| F|  |TAMS 0x0000000414800000| PB 0x0000000414800000| Untracked 
|  35|0x0000000415000000, 0x0000000415000000, 0x0000000415800000|  0%| F|  |TAMS 0x0000000415000000| PB 0x0000000415000000| Untracked 
|  36|0x0000000415800000, 0x0000000415800000, 0x0000000416000000|  0%| F|  |TAMS 0x0000000415800000| PB 0x0000000415800000| Untracked 
|  37|0x0000000416000000, 0x0000000416000000, 0x0000000416800000|  0%| F|  |TAMS 0x0000000416000000| PB 0x0000000416000000| Untracked 
|  38|0x0000000416800000, 0x0000000416800000, 0x0000000417000000|  0%| F|  |TAMS 0x0000000416800000| PB 0x0000000416800000| Untracked 
|  39|0x0000000417000000, 0x0000000417000000, 0x0000000417800000|  0%| F|  |TAMS 0x0000000417000000| PB 0x0000000417000000| Untracked 
|  40|0x0000000417800000, 0x0000000417800000, 0x0000000418000000|  0%| F|  |TAMS 0x0000000417800000| PB 0x0000000417800000| Untracked 
|  41|0x0000000418000000, 0x0000000418000000, 0x0000000418800000|  0%| F|  |TAMS 0x0000000418000000| PB 0x0000000418000000| Untracked 
|  42|0x0000000418800000, 0x0000000418800000, 0x0000000419000000|  0%| F|  |TAMS 0x0000000418800000| PB 0x0000000418800000| Untracked 
|  43|0x0000000419000000, 0x0000000419000000, 0x0000000419800000|  0%| F|  |TAMS 0x0000000419000000| PB 0x0000000419000000| Untracked 
|  44|0x0000000419800000, 0x0000000419800000, 0x000000041a000000|  0%| F|  |TAMS 0x0000000419800000| PB 0x0000000419800000| Untracked 
|  45|0x000000041a000000, 0x000000041a000000, 0x000000041a800000|  0%| F|  |TAMS 0x000000041a000000| PB 0x000000041a000000| Untracked 
|  46|0x000000041a800000, 0x000000041a800000, 0x000000041b000000|  0%| F|  |TAMS 0x000000041a800000| PB 0x000000041a800000| Untracked 
|  47|0x000000041b000000, 0x000000041b000000, 0x000000041b800000|  0%| F|  |TAMS 0x000000041b000000| PB 0x000000041b000000| Untracked 
|  48|0x000000041b800000, 0x000000041b800000, 0x000000041c000000|  0%| F|  |TAMS 0x000000041b800000| PB 0x000000041b800000| Untracked 
|  49|0x000000041c000000, 0x000000041c000000, 0x000000041c800000|  0%| F|  |TAMS 0x000000041c000000| PB 0x000000041c000000| Untracked 
|  50|0x000000041c800000, 0x000000041c800000, 0x000000041d000000|  0%| F|  |TAMS 0x000000041c800000| PB 0x000000041c800000| Untracked 
|  51|0x000000041d000000, 0x000000041d000000, 0x000000041d800000|  0%| F|  |TAMS 0x000000041d000000| PB 0x000000041d000000| Untracked 
|  52|0x000000041d800000, 0x000000041d800000, 0x000000041e000000|  0%| F|  |TAMS 0x000000041d800000| PB 0x000000041d800000| Untracked 
|  53|0x000000041e000000, 0x000000041e000000, 0x000000041e800000|  0%| F|  |TAMS 0x000000041e000000| PB 0x000000041e000000| Untracked 
|  54|0x000000041e800000, 0x000000041e800000, 0x000000041f000000|  0%| F|  |TAMS 0x000000041e800000| PB 0x000000041e800000| Untracked 
|  55|0x000000041f000000, 0x000000041f000000, 0x000000041f800000|  0%| F|  |TAMS 0x000000041f000000| PB 0x000000041f000000| Untracked 
|  56|0x000000041f800000, 0x000000041f800000, 0x0000000420000000|  0%| F|  |TAMS 0x000000041f800000| PB 0x000000041f800000| Untracked 
|  57|0x0000000420000000, 0x0000000420000000, 0x0000000420800000|  0%| F|  |TAMS 0x0000000420000000| PB 0x0000000420000000| Untracked 
|  58|0x0000000420800000, 0x0000000420800000, 0x0000000421000000|  0%| F|  |TAMS 0x0000000420800000| PB 0x0000000420800000| Untracked 
|  59|0x0000000421000000, 0x0000000421000000, 0x0000000421800000|  0%| F|  |TAMS 0x0000000421000000| PB 0x0000000421000000| Untracked 
|  60|0x0000000421800000, 0x0000000421800000, 0x0000000422000000|  0%| F|  |TAMS 0x0000000421800000| PB 0x0000000421800000| Untracked 
|  61|0x0000000422000000, 0x0000000422000000, 0x0000000422800000|  0%| F|  |TAMS 0x0000000422000000| PB 0x0000000422000000| Untracked 
|  62|0x0000000422800000, 0x0000000422800000, 0x0000000423000000|  0%| F|  |TAMS 0x0000000422800000| PB 0x0000000422800000| Untracked 
|  63|0x0000000423000000, 0x0000000423000000, 0x0000000423800000|  0%| F|  |TAMS 0x0000000423000000| PB 0x0000000423000000| Untracked 
|  64|0x0000000423800000, 0x0000000423800000, 0x0000000424000000|  0%| F|  |TAMS 0x0000000423800000| PB 0x0000000423800000| Untracked 
|  65|0x0000000424000000, 0x0000000424000000, 0x0000000424800000|  0%| F|  |TAMS 0x0000000424000000| PB 0x0000000424000000| Untracked 
|  66|0x0000000424800000, 0x0000000424800000, 0x0000000425000000|  0%| F|  |TAMS 0x0000000424800000| PB 0x0000000424800000| Untracked 
|  67|0x0000000425000000, 0x0000000425000000, 0x0000000425800000|  0%| F|  |TAMS 0x0000000425000000| PB 0x0000000425000000| Untracked 
|  68|0x0000000425800000, 0x0000000425800000, 0x0000000426000000|  0%| F|  |TAMS 0x0000000425800000| PB 0x0000000425800000| Untracked 
|  69|0x0000000426000000, 0x0000000426000000, 0x0000000426800000|  0%| F|  |TAMS 0x0000000426000000| PB 0x0000000426000000| Untracked 
|  70|0x0000000426800000, 0x0000000426800000, 0x0000000427000000|  0%| F|  |TAMS 0x0000000426800000| PB 0x0000000426800000| Untracked 
|  71|0x0000000427000000, 0x0000000427000000, 0x0000000427800000|  0%| F|  |TAMS 0x0000000427000000| PB 0x0000000427000000| Untracked 
|  72|0x0000000427800000, 0x0000000427800000, 0x0000000428000000|  0%| F|  |TAMS 0x0000000427800000| PB 0x0000000427800000| Untracked 
|  73|0x0000000428000000, 0x0000000428000000, 0x0000000428800000|  0%| F|  |TAMS 0x0000000428000000| PB 0x0000000428000000| Untracked 
|  74|0x0000000428800000, 0x0000000428800000, 0x0000000429000000|  0%| F|  |TAMS 0x0000000428800000| PB 0x0000000428800000| Untracked 
|  75|0x0000000429000000, 0x0000000429000000, 0x0000000429800000|  0%| F|  |TAMS 0x0000000429000000| PB 0x0000000429000000| Untracked 
|  76|0x0000000429800000, 0x0000000429800000, 0x000000042a000000|  0%| F|  |TAMS 0x0000000429800000| PB 0x0000000429800000| Untracked 
|  77|0x000000042a000000, 0x000000042a000000, 0x000000042a800000|  0%| F|  |TAMS 0x000000042a000000| PB 0x000000042a000000| Untracked 
|  78|0x000000042a800000, 0x000000042a800000, 0x000000042b000000|  0%| F|  |TAMS 0x000000042a800000| PB 0x000000042a800000| Untracked 
|  79|0x000000042b000000, 0x000000042b000000, 0x000000042b800000|  0%| F|  |TAMS 0x000000042b000000| PB 0x000000042b000000| Untracked 
|  80|0x000000042b800000, 0x000000042b800000, 0x000000042c000000|  0%| F|  |TAMS 0x000000042b800000| PB 0x000000042b800000| Untracked 
|  81|0x000000042c000000, 0x000000042c000000, 0x000000042c800000|  0%| F|  |TAMS 0x000000042c000000| PB 0x000000042c000000| Untracked 
|  82|0x000000042c800000, 0x000000042c800000, 0x000000042d000000|  0%| F|  |TAMS 0x000000042c800000| PB 0x000000042c800000| Untracked 
|  83|0x000000042d000000, 0x000000042d000000, 0x000000042d800000|  0%| F|  |TAMS 0x000000042d000000| PB 0x000000042d000000| Untracked 
|  84|0x000000042d800000, 0x000000042d800000, 0x000000042e000000|  0%| F|  |TAMS 0x000000042d800000| PB 0x000000042d800000| Untracked 
|  85|0x000000042e000000, 0x000000042e000000, 0x000000042e800000|  0%| F|  |TAMS 0x000000042e000000| PB 0x000000042e000000| Untracked 
|  86|0x000000042e800000, 0x000000042e800000, 0x000000042f000000|  0%| F|  |TAMS 0x000000042e800000| PB 0x000000042e800000| Untracked 
|  87|0x000000042f000000, 0x000000042f000000, 0x000000042f800000|  0%| F|  |TAMS 0x000000042f000000| PB 0x000000042f000000| Untracked 
|  88|0x000000042f800000, 0x000000042f800000, 0x0000000430000000|  0%| F|  |TAMS 0x000000042f800000| PB 0x000000042f800000| Untracked 
|  89|0x0000000430000000, 0x0000000430000000, 0x0000000430800000|  0%| F|  |TAMS 0x0000000430000000| PB 0x0000000430000000| Untracked 
|  90|0x0000000430800000, 0x0000000430800000, 0x0000000431000000|  0%| F|  |TAMS 0x0000000430800000| PB 0x0000000430800000| Untracked 
|  91|0x0000000431000000, 0x0000000431000000, 0x0000000431800000|  0%| F|  |TAMS 0x0000000431000000| PB 0x0000000431000000| Untracked 
|  92|0x0000000431800000, 0x0000000431800000, 0x0000000432000000|  0%| F|  |TAMS 0x0000000431800000| PB 0x0000000431800000| Untracked 
|  93|0x0000000432000000, 0x0000000432000000, 0x0000000432800000|  0%| F|  |TAMS 0x0000000432000000| PB 0x0000000432000000| Untracked 
|  94|0x0000000432800000, 0x0000000432800000, 0x0000000433000000|  0%| F|  |TAMS 0x0000000432800000| PB 0x0000000432800000| Untracked 
|  95|0x0000000433000000, 0x0000000433000000, 0x0000000433800000|  0%| F|  |TAMS 0x0000000433000000| PB 0x0000000433000000| Untracked 
|  96|0x0000000433800000, 0x0000000433800000, 0x0000000434000000|  0%| F|  |TAMS 0x0000000433800000| PB 0x0000000433800000| Untracked 
|  97|0x0000000434000000, 0x0000000434000000, 0x0000000434800000|  0%| F|  |TAMS 0x0000000434000000| PB 0x0000000434000000| Untracked 
|  98|0x0000000434800000, 0x0000000434800000, 0x0000000435000000|  0%| F|  |TAMS 0x0000000434800000| PB 0x0000000434800000| Untracked 
|  99|0x0000000435000000, 0x0000000435000000, 0x0000000435800000|  0%| F|  |TAMS 0x0000000435000000| PB 0x0000000435000000| Untracked 
| 100|0x0000000435800000, 0x0000000435800000, 0x0000000436000000|  0%| F|  |TAMS 0x0000000435800000| PB 0x0000000435800000| Untracked 
| 101|0x0000000436000000, 0x0000000436000000, 0x0000000436800000|  0%| F|  |TAMS 0x0000000436000000| PB 0x0000000436000000| Untracked 
| 102|0x0000000436800000, 0x0000000436800000, 0x0000000437000000|  0%| F|  |TAMS 0x0000000436800000| PB 0x0000000436800000| Untracked 
| 103|0x0000000437000000, 0x0000000437000000, 0x0000000437800000|  0%| F|  |TAMS 0x0000000437000000| PB 0x0000000437000000| Untracked 
| 104|0x0000000437800000, 0x0000000437800000, 0x0000000438000000|  0%| F|  |TAMS 0x0000000437800000| PB 0x0000000437800000| Untracked 
| 105|0x0000000438000000, 0x0000000438000000, 0x0000000438800000|  0%| F|  |TAMS 0x0000000438000000| PB 0x0000000438000000| Untracked 
| 106|0x0000000438800000, 0x0000000438800000, 0x0000000439000000|  0%| F|  |TAMS 0x0000000438800000| PB 0x0000000438800000| Untracked 
| 107|0x0000000439000000, 0x0000000439000000, 0x0000000439800000|  0%| F|  |TAMS 0x0000000439000000| PB 0x0000000439000000| Untracked 
| 108|0x0000000439800000, 0x0000000439800000, 0x000000043a000000|  0%| F|  |TAMS 0x0000000439800000| PB 0x0000000439800000| Untracked 
| 109|0x000000043a000000, 0x000000043a000000, 0x000000043a800000|  0%| F|  |TAMS 0x000000043a000000| PB 0x000000043a000000| Untracked 
| 110|0x000000043a800000, 0x000000043a800000, 0x000000043b000000|  0%| F|  |TAMS 0x000000043a800000| PB 0x000000043a800000| Untracked 
| 111|0x000000043b000000, 0x000000043b000000, 0x000000043b800000|  0%| F|  |TAMS 0x000000043b000000| PB 0x000000043b000000| Untracked 
| 112|0x000000043b800000, 0x000000043b800000, 0x000000043c000000|  0%| F|  |TAMS 0x000000043b800000| PB 0x000000043b800000| Untracked 
| 113|0x000000043c000000, 0x000000043c000000, 0x000000043c800000|  0%| F|  |TAMS 0x000000043c000000| PB 0x000000043c000000| Untracked 
| 114|0x000000043c800000, 0x000000043c800000, 0x000000043d000000|  0%| F|  |TAMS 0x000000043c800000| PB 0x000000043c800000| Untracked 
| 115|0x000000043d000000, 0x000000043d000000, 0x000000043d800000|  0%| F|  |TAMS 0x000000043d000000| PB 0x000000043d000000| Untracked 
| 116|0x000000043d800000, 0x000000043d800000, 0x000000043e000000|  0%| F|  |TAMS 0x000000043d800000| PB 0x000000043d800000| Untracked 
| 117|0x000000043e000000, 0x000000043e000000, 0x000000043e800000|  0%| F|  |TAMS 0x000000043e000000| PB 0x000000043e000000| Untracked 
| 118|0x000000043e800000, 0x000000043e800000, 0x000000043f000000|  0%| F|  |TAMS 0x000000043e800000| PB 0x000000043e800000| Untracked 
| 119|0x000000043f000000, 0x000000043f000000, 0x000000043f800000|  0%| F|  |TAMS 0x000000043f000000| PB 0x000000043f000000| Untracked 
| 120|0x000000043f800000, 0x000000043f800000, 0x0000000440000000|  0%| F|  |TAMS 0x000000043f800000| PB 0x000000043f800000| Untracked 
| 121|0x0000000440000000, 0x0000000440000000, 0x0000000440800000|  0%| F|  |TAMS 0x0000000440000000| PB 0x0000000440000000| Untracked 
| 122|0x0000000440800000, 0x0000000440800000, 0x0000000441000000|  0%| F|  |TAMS 0x0000000440800000| PB 0x0000000440800000| Untracked 
| 123|0x0000000441000000, 0x0000000441000000, 0x0000000441800000|  0%| F|  |TAMS 0x0000000441000000| PB 0x0000000441000000| Untracked 
| 124|0x0000000441800000, 0x0000000441a57b60, 0x0000000442000000| 29%| E|  |TAMS 0x0000000441800000| PB 0x0000000441800000| Complete 
| 125|0x0000000442000000, 0x0000000442800000, 0x0000000442800000|100%| E|CS|TAMS 0x0000000442000000| PB 0x0000000442000000| Complete 
| 126|0x0000000442800000, 0x0000000443000000, 0x0000000443000000|100%| E|CS|TAMS 0x0000000442800000| PB 0x0000000442800000| Complete 
| 127|0x0000000443000000, 0x0000000443800000, 0x0000000443800000|100%| E|CS|TAMS 0x0000000443000000| PB 0x0000000443000000| Complete 

Card table byte_map: [0x0000017f4abb0000,0x0000017f4cba0000] _byte_map_base: 0x0000017f48b94000

Marking Bits: (CMBitMap*) 0x0000017f307a7280
 Bits: [0x0000017f4cba0000, 0x0000017f5cac0000)

Polling page: 0x0000017f2feb0000

Metaspace:

Usage:
  Non-class:      8.16 MB used.
      Class:    531.95 KB used.
       Both:      8.68 MB used.

Virtual space:
  Non-class space:       64.00 MB reserved,       8.31 MB ( 13%) committed,  1 nodes.
      Class space:        1.00 GB reserved,     640.00 KB ( <1%) committed,  1 nodes.
             Both:        1.06 GB reserved,       8.94 MB ( <1%) committed. 

Chunk freelists:
   Non-Class:  6.39 MB
       Class:  15.41 MB
        Both:  21.80 MB

MaxMetaspaceSize: unlimited
CompressedClassSpaceSize: 1.00 GB
Initial GC threshold: 21.00 MB
Current GC threshold: 21.00 MB
CDS: on
 - commit_granule_bytes: 65536.
 - commit_granule_words: 8192.
 - virtual_space_node_default_size: 8388608.
 - enlarge_chunks_in_place: 1.
 - use_allocation_guard: 0.


Internal statistics:

num_allocs_failed_limit: 0.
num_arena_births: 220.
num_arena_deaths: 0.
num_vsnodes_births: 2.
num_vsnodes_deaths: 0.
num_space_committed: 141.
num_space_uncommitted: 0.
num_chunks_returned_to_freelist: 0.
num_chunks_taken_from_freelist: 493.
num_chunk_merges: 0.
num_chunk_splits: 327.
num_chunks_enlarged: 216.
num_inconsistent_stats: 0.

CodeHeap 'non-profiled nmethods': size=119168Kb used=480Kb max_used=480Kb free=118687Kb
 bounds [0x0000017f40970000, 0x0000017f40be0000, 0x0000017f47dd0000]
CodeHeap 'profiled nmethods': size=119104Kb used=2399Kb max_used=2399Kb free=116704Kb
 bounds [0x0000017f38dd0000, 0x0000017f39040000, 0x0000017f40220000]
CodeHeap 'non-nmethods': size=7488Kb used=3996Kb max_used=4011Kb free=3491Kb
 bounds [0x0000017f40220000, 0x0000017f40610000, 0x0000017f40970000]
 total_blobs=2669 nmethods=1428 adapters=1143
 compilation: enabled
              stopped_count=0, restarted_count=0
 full_count=0

Compilation events (20 events):
Event: 0.666 Thread 0x0000017f601cfe90 1419       3       java.util.zip.ZipFile::getZipEntry (322 bytes)
Event: 0.667 Thread 0x0000017f601cfe90 nmethod 1419 0x0000017f39020b10 code [0x0000017f39021060, 0x0000017f39024120]
Event: 0.682 Thread 0x0000017f60289c90 1420       3       java.security.SecureClassLoader$CodeSourceKey::equals (60 bytes)
Event: 0.682 Thread 0x0000017f6047a860 1421       3       java.security.CodeSource::matchCerts (254 bytes)
Event: 0.683 Thread 0x0000017f60289c90 nmethod 1420 0x0000017f39025390 code [0x0000017f39025580, 0x0000017f39025c00]
Event: 0.683 Thread 0x0000017f6047a860 nmethod 1421 0x0000017f39025e10 code [0x0000017f39026080, 0x0000017f39026c00]
Event: 0.688 Thread 0x0000017f601ccfd0 1422       4       java.lang.Integer::stringSize (47 bytes)
Event: 0.689 Thread 0x0000017f601ccfd0 nmethod 1422 0x0000017f409e6710 code [0x0000017f409e6880, 0x0000017f409e6978]
Event: 0.689 Thread 0x0000017f601ccfd0 1423       4       java.lang.Integer::getChars (121 bytes)
Event: 0.691 Thread 0x0000017f601ccfd0 nmethod 1423 0x0000017f409e6a10 code [0x0000017f409e6bc0, 0x0000017f409e6ed8]
Event: 0.695 Thread 0x0000017f60289c90 1424       3       java.util.ImmutableCollections$Set12::contains (28 bytes)
Event: 0.695 Thread 0x0000017f60289c90 nmethod 1424 0x0000017f39027010 code [0x0000017f390271e0, 0x0000017f39027530]
Event: 0.695 Thread 0x0000017f601ccfd0 1425       4       sun.net.www.ParseUtil::firstEncodeIndex (86 bytes)
Event: 0.697 Thread 0x0000017f601ccfd0 nmethod 1425 0x0000017f409e7110 code [0x0000017f409e72c0, 0x0000017f409e7508]
Event: 0.697 Thread 0x0000017f601ccfd0 1426       4       java.lang.String::<init> (99 bytes)
Event: 0.697 Thread 0x0000017f60289c90 1427       3       java.util.concurrent.ConcurrentHashMap::sumCount (60 bytes)
Event: 0.698 Thread 0x0000017f60289c90 nmethod 1427 0x0000017f39027610 code [0x0000017f390277c0, 0x0000017f39027a20]
Event: 0.698 Thread 0x0000017f60289c90 1428       3       java.lang.reflect.Array::newInstance (6 bytes)
Event: 0.698 Thread 0x0000017f60289c90 nmethod 1428 0x0000017f39027b90 code [0x0000017f39027d40, 0x0000017f39027e58]
Event: 0.699 Thread 0x0000017f601ccfd0 nmethod 1426 0x0000017f409e7710 code [0x0000017f409e78c0, 0x0000017f409e7e80]

GC Heap History (0 events):
No events

Dll operation events (12 events):
Event: 0.004 Loaded shared library C:\Users\Ian\.jdks\corretto-21.0.4\bin\java.dll
Event: 0.022 Loaded shared library C:\Users\Ian\.jdks\corretto-21.0.4\bin\jsvml.dll
Event: 0.052 Loaded shared library C:\Users\Ian\.jdks\corretto-21.0.4\bin\jimage.dll
Event: 0.057 Loaded shared library C:\Users\Ian\.jdks\corretto-21.0.4\bin\net.dll
Event: 0.058 Loaded shared library C:\Users\Ian\.jdks\corretto-21.0.4\bin\nio.dll
Event: 0.059 Loaded shared library C:\Users\Ian\.jdks\corretto-21.0.4\bin\zip.dll
Event: 0.088 Loaded shared library C:\Users\Ian\.jdks\corretto-21.0.4\bin\management.dll
Event: 0.090 Loaded shared library C:\Users\Ian\.jdks\corretto-21.0.4\bin\management_ext.dll
Event: 0.146 Loaded shared library C:\Users\Ian\.jdks\corretto-21.0.4\bin\verify.dll
Event: 0.185 Loaded shared library C:\Users\Ian\AppData\Local\Temp\lwjgl_Ian\3.3.6+1\x64\lwjgl.dll
Event: 0.399 Loaded shared library C:\Users\Ian\AppData\Local\Temp\lwjgl_Ian\3.3.6+1\x64\lwjgl_opengl.dll
Event: 0.587 Loaded shared library C:\Users\Ian\AppData\Local\Temp\lwjgl_Ian\3.3.6+1\x64\lwjgl_stb.dll

Deoptimization events (20 events):
Event: 0.224 Thread 0x0000017f2e4fd7d0 DEOPT PACKING pc=0x0000017f409bd3f0 sp=0x0000004b9affe1e0
Event: 0.224 Thread 0x0000017f2e4fd7d0 DEOPT UNPACKING pc=0x0000017f402746a2 sp=0x0000004b9affe140 mode 2
Event: 0.403 Thread 0x0000017f2e4fd7d0 Uncommon trap: trap_request=0xffffff54 fr.pc=0x0000017f409ce770 relative=0x0000000000000070
Event: 0.403 Thread 0x0000017f2e4fd7d0 Uncommon trap: reason=speculate_null_assert action=make_not_entrant pc=0x0000017f409ce770 method=sun.misc.Unsafe.putLong(Ljava/lang/Object;JJ)V @ 7 c2
Event: 0.403 Thread 0x0000017f2e4fd7d0 DEOPT PACKING pc=0x0000017f409ce770 sp=0x0000004b9afff0d0
Event: 0.403 Thread 0x0000017f2e4fd7d0 DEOPT UNPACKING pc=0x0000017f402746a2 sp=0x0000004b9afff048 mode 2
Event: 0.556 Thread 0x0000017f2e4fd7d0 Uncommon trap: trap_request=0xffffff45 fr.pc=0x0000017f409a64c4 relative=0x0000000000000ba4
Event: 0.556 Thread 0x0000017f2e4fd7d0 Uncommon trap: reason=unstable_if action=reinterpret pc=0x0000017f409a64c4 method=java.io.BufferedInputStream.implRead([BII)I @ 55 c2
Event: 0.556 Thread 0x0000017f2e4fd7d0 DEOPT PACKING pc=0x0000017f409a64c4 sp=0x0000004b9affedb0
Event: 0.556 Thread 0x0000017f2e4fd7d0 DEOPT UNPACKING pc=0x0000017f402746a2 sp=0x0000004b9affed08 mode 2
Event: 0.556 Thread 0x0000017f2e4fd7d0 Uncommon trap: trap_request=0xffffff45 fr.pc=0x0000017f409a08ac relative=0x000000000000084c
Event: 0.556 Thread 0x0000017f2e4fd7d0 Uncommon trap: reason=unstable_if action=reinterpret pc=0x0000017f409a08ac method=java.io.BufferedInputStream.implRead([BII)I @ 55 c2
Event: 0.556 Thread 0x0000017f2e4fd7d0 DEOPT PACKING pc=0x0000017f409a08ac sp=0x0000004b9affed20
Event: 0.556 Thread 0x0000017f2e4fd7d0 DEOPT UNPACKING pc=0x0000017f402746a2 sp=0x0000004b9affed08 mode 2
Event: 0.632 Thread 0x0000017f2e4fd7d0 DEOPT PACKING pc=0x0000017f38ff2d2f sp=0x0000004b9affe1a0
Event: 0.632 Thread 0x0000017f2e4fd7d0 DEOPT UNPACKING pc=0x0000017f40274e42 sp=0x0000004b9affd5c0 mode 0
Event: 0.632 Thread 0x0000017f2e4fd7d0 DEOPT PACKING pc=0x0000017f38f62e5d sp=0x0000004b9affe170
Event: 0.632 Thread 0x0000017f2e4fd7d0 DEOPT UNPACKING pc=0x0000017f40274e42 sp=0x0000004b9affd608 mode 0
Event: 0.632 Thread 0x0000017f2e4fd7d0 DEOPT PACKING pc=0x0000017f38f62e5d sp=0x0000004b9affe170
Event: 0.632 Thread 0x0000017f2e4fd7d0 DEOPT UNPACKING pc=0x0000017f40274e42 sp=0x0000004b9affd608 mode 0

Classes loaded (20 events):
Event: 0.645 Loading class java/util/stream/ReferencePipeline$4$1
Event: 0.645 Loading class java/util/stream/ReferencePipeline$4$1 done
Event: 0.650 Loading class java/util/ImmutableCollections$Access
Event: 0.650 Loading class java/util/ImmutableCollections$Access done
Event: 0.650 Loading class java/util/ImmutableCollections$Access$1
Event: 0.650 Loading class jdk/internal/access/JavaUtilCollectionAccess
Event: 0.650 Loading class jdk/internal/access/JavaUtilCollectionAccess done
Event: 0.650 Loading class java/util/ImmutableCollections$Access$1 done
Event: 0.650 Loading class java/util/stream/Nodes$SpinedNodeBuilder
Event: 0.650 Loading class java/util/stream/SpinedBuffer
Event: 0.650 Loading class java/util/stream/AbstractSpinedBuffer
Event: 0.650 Loading class java/util/stream/AbstractSpinedBuffer done
Event: 0.650 Loading class java/util/stream/SpinedBuffer done
Event: 0.650 Loading class java/util/stream/Nodes$SpinedNodeBuilder done
Event: 0.654 Loading class sun/text/resources/cldr/FormatData_en
Event: 0.655 Loading class sun/text/resources/cldr/FormatData_en done
Event: 0.655 Loading class sun/text/resources/cldr/FormatData_en_US
Event: 0.655 Loading class sun/text/resources/cldr/FormatData_en_US done
Event: 0.663 Loading class java/lang/SecurityException
Event: 0.663 Loading class java/lang/SecurityException done

Classes unloaded (0 events):
No events

Classes redefined (0 events):
No events

Internal exceptions (20 events):
Event: 0.216 Thread 0x0000017f2e4fd7d0 Exception <a 'java/lang/NoSuchMethodError'{0x0000000442fb3940}: 'int java.lang.invoke.DirectMethodHandle$Holder.invokeStaticInit(java.lang.Object, java.lang.Object, java.lang.Object, long)'> (0x0000000442fb3940) 
thrown [s\src\hotspot\share\interpreter\linkResolver.cpp, line 773]
Event: 0.227 Thread 0x0000017f2e4fd7d0 Exception <a 'sun/nio/fs/WindowsException'{0x0000000442086190}> (0x0000000442086190) 
thrown [s\src\hotspot\share\prims\jni.cpp, line 520]
Event: 0.227 Thread 0x0000017f2e4fd7d0 Exception <a 'sun/nio/fs/WindowsException'{0x00000004420864e0}> (0x00000004420864e0) 
thrown [s\src\hotspot\share\prims\jni.cpp, line 520]
Event: 0.231 Thread 0x0000017f2e4fd7d0 Exception <a 'java/lang/NoSuchMethodError'{0x00000004420a3f08}: 'int java.lang.invoke.Invokers$Holder.invokeExact_MT(java.lang.Object, java.lang.Object)'> (0x00000004420a3f08) 
thrown [s\src\hotspot\share\interpreter\linkResolver.cpp, line 773]
Event: 0.396 Thread 0x0000017f2e4fd7d0 Exception <a 'java/lang/NoSuchMethodError'{0x0000000442119bd8}: 'void java.lang.System.load(java.lang.String, java.lang.Class)'> (0x0000000442119bd8) 
thrown [s\src\hotspot\share\interpreter\linkResolver.cpp, line 773]
Event: 0.396 Thread 0x0000017f2e4fd7d0 Exception <a 'java/lang/NoSuchMethodError'{0x000000044211c628}: 'void java.lang.System.loadLibrary(java.lang.String, java.lang.Class)'> (0x000000044211c628) 
thrown [s\src\hotspot\share\interpreter\linkResolver.cpp, line 773]
Event: 0.399 Thread 0x0000017f2e4fd7d0 Exception <a 'sun/nio/fs/WindowsException'{0x000000044212bdc8}> (0x000000044212bdc8) 
thrown [s\src\hotspot\share\prims\jni.cpp, line 520]
Event: 0.399 Thread 0x0000017f2e4fd7d0 Exception <a 'sun/nio/fs/WindowsException'{0x000000044212c150}> (0x000000044212c150) 
thrown [s\src\hotspot\share\prims\jni.cpp, line 520]
Event: 0.401 Thread 0x0000017f2e4fd7d0 Exception <a 'sun/nio/fs/WindowsException'{0x00000004421384a8}> (0x00000004421384a8) 
thrown [s\src\hotspot\share\prims\jni.cpp, line 520]
Event: 0.401 Thread 0x0000017f2e4fd7d0 Exception <a 'sun/nio/fs/WindowsException'{0x0000000442138768}> (0x0000000442138768) 
thrown [s\src\hotspot\share\prims\jni.cpp, line 520]
Event: 0.582 Thread 0x0000017f2e4fd7d0 Exception <a 'java/lang/NoSuchMethodError'{0x000000044254ebf0}: 'void java.lang.System.load(java.lang.String, java.lang.Class)'> (0x000000044254ebf0) 
thrown [s\src\hotspot\share\interpreter\linkResolver.cpp, line 773]
Event: 0.582 Thread 0x0000017f2e4fd7d0 Exception <a 'java/lang/NoSuchMethodError'{0x0000000442551640}: 'void java.lang.System.loadLibrary(java.lang.String, java.lang.Class)'> (0x0000000442551640) 
thrown [s\src\hotspot\share\interpreter\linkResolver.cpp, line 773]
Event: 0.586 Thread 0x0000017f2e4fd7d0 Exception <a 'sun/nio/fs/WindowsException'{0x00000004425608e0}> (0x00000004425608e0) 
thrown [s\src\hotspot\share\prims\jni.cpp, line 520]
Event: 0.586 Thread 0x0000017f2e4fd7d0 Exception <a 'sun/nio/fs/WindowsException'{0x0000000442560c40}> (0x0000000442560c40) 
thrown [s\src\hotspot\share\prims\jni.cpp, line 520]
Event: 0.604 Thread 0x0000017f2e4fd7d0 Exception <a 'sun/nio/fs/WindowsException'{0x000000044263b188}> (0x000000044263b188) 
thrown [s\src\hotspot\share\prims\jni.cpp, line 520]
Event: 0.604 Thread 0x0000017f2e4fd7d0 Exception <a 'sun/nio/fs/WindowsException'{0x000000044263b4e8}> (0x000000044263b4e8) 
thrown [s\src\hotspot\share\prims\jni.cpp, line 520]
Event: 0.629 Thread 0x0000017f2e4fd7d0 Exception <a 'sun/nio/fs/WindowsException'{0x000000044264a610}> (0x000000044264a610) 
thrown [s\src\hotspot\share\prims\jni.cpp, line 520]
Event: 0.629 Thread 0x0000017f2e4fd7d0 Exception <a 'sun/nio/fs/WindowsException'{0x000000044264a970}> (0x000000044264a970) 
thrown [s\src\hotspot\share\prims\jni.cpp, line 520]
Event: 0.648 Thread 0x0000017f2e4fd7d0 Exception <a 'java/lang/NoSuchMethodError'{0x0000000442728c98}: 'void java.lang.invoke.DirectMethodHandle$Holder.invokeStatic(java.lang.Object, long)'> (0x0000000442728c98) 
thrown [s\src\hotspot\share\interpreter\linkResolver.cpp, line 773]
Event: 0.652 Thread 0x0000017f2e4fd7d0 Exception <a 'java/lang/NoSuchMethodError'{0x0000000442742318}: 'int java.lang.invoke.DirectMethodHandle$Holder.invokeVirtual(java.lang.Object, java.lang.Object)'> (0x0000000442742318) 
thrown [s\src\hotspot\share\interpreter\linkResolver.cpp, line 773]

ZGC Phase Switch (0 events):
No events

VM Operations (10 events):
Event: 0.047 Executing VM operation: HandshakeAllThreads (Deoptimize)
Event: 0.047 Executing VM operation: HandshakeAllThreads (Deoptimize) done
Event: 0.101 Executing VM operation: HandshakeAllThreads (Deoptimize)
Event: 0.101 Executing VM operation: HandshakeAllThreads (Deoptimize) done
Event: 0.172 Executing VM operation: HandshakeAllThreads (Deoptimize)
Event: 0.172 Executing VM operation: HandshakeAllThreads (Deoptimize) done
Event: 0.563 Executing VM operation: ICBufferFull
Event: 0.563 Executing VM operation: ICBufferFull done
Event: 0.654 Executing VM operation: HandshakeAllThreads (Deoptimize)
Event: 0.654 Executing VM operation: HandshakeAllThreads (Deoptimize) done

Memory protections (0 events):
No events

Nmethod flushes (0 events):
No events

Events (18 events):
Event: 0.014 Thread 0x0000017f2e4fd7d0 Thread added: 0x0000017f2e4fd7d0
Event: 0.021 Thread 0x0000017f2e4fd7d0 Thread added: 0x0000017f601ae350
Event: 0.021 Thread 0x0000017f2e4fd7d0 Thread added: 0x0000017f601b3430
Event: 0.021 Thread 0x0000017f2e4fd7d0 Thread added: 0x0000017f601b8420
Event: 0.021 Thread 0x0000017f2e4fd7d0 Thread added: 0x0000017f601bc840
Event: 0.021 Thread 0x0000017f2e4fd7d0 Thread added: 0x0000017f601be6c0
Event: 0.021 Thread 0x0000017f2e4fd7d0 Thread added: 0x0000017f601bf530
Event: 0.021 Thread 0x0000017f2e4fd7d0 Thread added: 0x0000017f601ccfd0
Event: 0.021 Thread 0x0000017f2e4fd7d0 Thread added: 0x0000017f601cfe90
Event: 0.024 Thread 0x0000017f601cfe90 Thread added: 0x0000017f60289c90
Event: 0.043 Thread 0x0000017f2e4fd7d0 Thread added: 0x0000017f603a4240
Event: 0.044 Thread 0x0000017f2e4fd7d0 Thread added: 0x0000017f603aac90
Event: 0.066 Thread 0x0000017f601cfe90 Thread added: 0x0000017f6044aac0
Event: 0.072 Thread 0x0000017f601cfe90 Thread added: 0x0000017f60839840
Event: 0.123 Thread 0x0000017f601cfe90 Thread added: 0x0000017f60a472f0
Event: 0.123 Thread 0x0000017f60a472f0 Thread added: 0x0000017f6047a860
Event: 0.395 Thread 0x0000017f60839840 Thread exited: 0x0000017f60839840
Event: 0.395 Thread 0x0000017f6044aac0 Thread exited: 0x0000017f6044aac0


Dynamic libraries:
0x00007ff72ce00000 - 0x00007ff72ce0e000 	C:\Users\Ian\.jdks\corretto-21.0.4\bin\java.exe
0x00007ffeb8a50000 - 0x00007ffeb8c67000 	C:\WINDOWS\SYSTEM32\ntdll.dll
0x00007ffeb7170000 - 0x00007ffeb7234000 	C:\WINDOWS\System32\KERNEL32.DLL
0x00007ffeb5b40000 - 0x00007ffeb5f12000 	C:\WINDOWS\System32\KERNELBASE.dll
0x00007ffeb6240000 - 0x00007ffeb6351000 	C:\WINDOWS\System32\ucrtbase.dll
0x00007ffe9d5c0000 - 0x00007ffe9d5d8000 	C:\Users\Ian\.jdks\corretto-21.0.4\bin\jli.dll
0x00007ffe941a0000 - 0x00007ffe941bb000 	C:\Users\Ian\.jdks\corretto-21.0.4\bin\VCRUNTIME140.dll
0x00007ffeb6db0000 - 0x00007ffeb6f61000 	C:\WINDOWS\System32\USER32.dll
0x00007ffeb6360000 - 0x00007ffeb6386000 	C:\WINDOWS\System32\win32u.dll
0x00007ffe9cfd0000 - 0x00007ffe9d26b000 	C:\WINDOWS\WinSxS\amd64_microsoft.windows.common-controls_6595b64144ccf1df_6.0.22621.5415_none_270d77d17387d7da\COMCTL32.dll
0x00007ffeb6900000 - 0x00007ffeb6929000 	C:\WINDOWS\System32\GDI32.dll
0x00007ffeb87e0000 - 0x00007ffeb8887000 	C:\WINDOWS\System32\msvcrt.dll
0x00007ffeb5f20000 - 0x00007ffeb6043000 	C:\WINDOWS\System32\gdi32full.dll
0x00007ffeb6640000 - 0x00007ffeb66da000 	C:\WINDOWS\System32\msvcp_win.dll
0x00007ffeb81d0000 - 0x00007ffeb8201000 	C:\WINDOWS\System32\IMM32.DLL
0x00007ffea8980000 - 0x00007ffea898c000 	C:\Users\Ian\.jdks\corretto-21.0.4\bin\vcruntime140_1.dll
0x00007ffe87c20000 - 0x00007ffe87cad000 	C:\Users\Ian\.jdks\corretto-21.0.4\bin\msvcp140.dll
0x00007ffe393a0000 - 0x00007ffe3a136000 	C:\Users\Ian\.jdks\corretto-21.0.4\bin\server\jvm.dll
0x00007ffeb7240000 - 0x00007ffeb72f1000 	C:\WINDOWS\System32\ADVAPI32.dll
0x00007ffeb67e0000 - 0x00007ffeb6888000 	C:\WINDOWS\System32\sechost.dll
0x00007ffeb6210000 - 0x00007ffeb6238000 	C:\WINDOWS\System32\bcrypt.dll
0x00007ffeb8030000 - 0x00007ffeb8144000 	C:\WINDOWS\System32\RPCRT4.dll
0x00007ffeb8150000 - 0x00007ffeb81c1000 	C:\WINDOWS\System32\WS2_32.dll
0x00007ffeb4980000 - 0x00007ffeb49cd000 	C:\WINDOWS\SYSTEM32\POWRPROF.dll
0x00007ffeab380000 - 0x00007ffeab38a000 	C:\WINDOWS\SYSTEM32\VERSION.dll
0x00007ffeaf6e0000 - 0x00007ffeaf714000 	C:\WINDOWS\SYSTEM32\WINMM.dll
0x00007ffeb4960000 - 0x00007ffeb4973000 	C:\WINDOWS\SYSTEM32\UMPDC.dll
0x00007ffeb4bc0000 - 0x00007ffeb4bd8000 	C:\WINDOWS\SYSTEM32\kernel.appcore.dll
0x00007ffea6dd0000 - 0x00007ffea6dda000 	C:\Users\Ian\.jdks\corretto-21.0.4\bin\jimage.dll
0x00007ffeb2dd0000 - 0x00007ffeb3003000 	C:\WINDOWS\SYSTEM32\DBGHELP.DLL
0x00007ffeb8390000 - 0x00007ffeb8723000 	C:\WINDOWS\System32\combase.dll
0x00007ffeb6f90000 - 0x00007ffeb7067000 	C:\WINDOWS\System32\OLEAUT32.dll
0x00007ffeaa970000 - 0x00007ffeaa9a2000 	C:\WINDOWS\SYSTEM32\dbgcore.DLL
0x00007ffeb6190000 - 0x00007ffeb620b000 	C:\WINDOWS\System32\bcryptPrimitives.dll
0x00007ffe90d80000 - 0x00007ffe90d9f000 	C:\Users\Ian\.jdks\corretto-21.0.4\bin\java.dll
0x00007ffeb74a0000 - 0x00007ffeb7d42000 	C:\WINDOWS\System32\SHELL32.dll
0x00007ffeb6050000 - 0x00007ffeb618f000 	C:\WINDOWS\System32\wintypes.dll
0x00007ffeb3a00000 - 0x00007ffeb431e000 	C:\WINDOWS\SYSTEM32\windows.storage.dll
0x00007ffeb8270000 - 0x00007ffeb837b000 	C:\WINDOWS\System32\SHCORE.dll
0x00007ffeb66e0000 - 0x00007ffeb6749000 	C:\WINDOWS\System32\shlwapi.dll
0x00007ffeb5a70000 - 0x00007ffeb5a9b000 	C:\WINDOWS\SYSTEM32\profapi.dll
0x00007ffe87b40000 - 0x00007ffe87c17000 	C:\Users\Ian\.jdks\corretto-21.0.4\bin\jsvml.dll
0x00007ffe9efe0000 - 0x00007ffe9eff0000 	C:\Users\Ian\.jdks\corretto-21.0.4\bin\net.dll
0x00007ffeafda0000 - 0x00007ffeafecc000 	C:\WINDOWS\SYSTEM32\WINHTTP.dll
0x00007ffeb5090000 - 0x00007ffeb50f9000 	C:\WINDOWS\system32\mswsock.dll
0x00007ffe90410000 - 0x00007ffe90426000 	C:\Users\Ian\.jdks\corretto-21.0.4\bin\nio.dll
0x00007ffe90430000 - 0x00007ffe90448000 	C:\Users\Ian\.jdks\corretto-21.0.4\bin\zip.dll
0x00007ffe958a0000 - 0x00007ffe958a9000 	C:\Users\Ian\.jdks\corretto-21.0.4\bin\management.dll
0x00007ffe949f0000 - 0x00007ffe949fb000 	C:\Users\Ian\.jdks\corretto-21.0.4\bin\management_ext.dll
0x00007ffeb8260000 - 0x00007ffeb8268000 	C:\WINDOWS\System32\PSAPI.DLL
0x00007ffe96a50000 - 0x00007ffe96a60000 	C:\Users\Ian\.jdks\corretto-21.0.4\bin\verify.dll
0x00007ffe5e480000 - 0x00007ffe5e4fe000 	C:\Users\Ian\AppData\Local\Temp\lwjgl_Ian\3.3.6+1\x64\lwjgl.dll
0x00007ffe4f3f0000 - 0x00007ffe4f479000 	C:\Users\Ian\AppData\Local\Temp\lwjgl_Ian\3.3.6+1\x64\glfw.dll
0x00007ffe711a0000 - 0x00007ffe711e6000 	C:\WINDOWS\SYSTEM32\dinput8.dll
0x00007ffe73dc0000 - 0x00007ffe73dd1000 	C:\WINDOWS\SYSTEM32\xinput1_4.dll
0x00007ffeb5830000 - 0x00007ffeb587e000 	C:\WINDOWS\SYSTEM32\cfgmgr32.dll
0x00007ffeb5800000 - 0x00007ffeb582c000 	C:\WINDOWS\SYSTEM32\DEVOBJ.dll
0x00007ffeb2360000 - 0x00007ffeb238e000 	C:\WINDOWS\SYSTEM32\dwmapi.dll
0x00007ffe9f2e0000 - 0x00007ffe9f4f5000 	C:\WINDOWS\SYSTEM32\inputhost.dll
0x00007ffeb0d20000 - 0x00007ffeb0e53000 	C:\WINDOWS\SYSTEM32\CoreMessaging.dll
0x00007ffeb21d0000 - 0x00007ffeb2284000 	C:\WINDOWS\system32\uxtheme.dll
0x00007ffeb53c0000 - 0x00007ffeb53cc000 	C:\WINDOWS\SYSTEM32\CRYPTBASE.DLL
0x00007ffeb8890000 - 0x00007ffeb89f0000 	C:\WINDOWS\System32\MSCTF.dll
0x00007ffe00240000 - 0x00007ffe00340000 	C:\WINDOWS\SYSTEM32\opengl32.dll
0x00007ffe693d0000 - 0x00007ffe693fd000 	C:\WINDOWS\SYSTEM32\GLU32.dll
0x00007ffeb23d0000 - 0x00007ffeb2407000 	C:\WINDOWS\SYSTEM32\dxcore.dll
0x00007ffeb8730000 - 0x00007ffeb87e0000 	C:\WINDOWS\System32\clbcatq.dll
0x00007ffdf9480000 - 0x00007ffdfbd16000 	C:\WINDOWS\System32\DriverStore\FileRepository\nv_dispi.inf_amd64_fcb8b2221bca6b43\nvoglv64.dll
0x00007ffeb6930000 - 0x00007ffeb6da4000 	C:\WINDOWS\System32\SETUPAPI.dll
0x00007ffeb7300000 - 0x00007ffeb74a0000 	C:\WINDOWS\System32\ole32.dll
0x00007ffeb49d0000 - 0x00007ffeb49e4000 	C:\WINDOWS\SYSTEM32\WTSAPI32.dll
0x00007ffeb5430000 - 0x00007ffeb5442000 	C:\WINDOWS\SYSTEM32\msasn1.dll
0x00007ffeab340000 - 0x00007ffeab372000 	C:\WINDOWS\SYSTEM32\cryptnet.dll
0x00007ffeb6450000 - 0x00007ffeb65b7000 	C:\WINDOWS\System32\CRYPT32.dll
0x00007ffeb5310000 - 0x00007ffeb5360000 	C:\WINDOWS\SYSTEM32\wldp.dll
0x00007ffeab1e0000 - 0x00007ffeab33a000 	C:\WINDOWS\SYSTEM32\drvstore.dll
0x00007ffeb65c0000 - 0x00007ffeb663c000 	C:\WINDOWS\System32\WINTRUST.dll
0x00007ffeb4d30000 - 0x00007ffeb4d64000 	C:\WINDOWS\SYSTEM32\ntmarta.dll
0x00007ffeb6f70000 - 0x00007ffeb6f8f000 	C:\WINDOWS\System32\imagehlp.dll
0x00007ffeb53e0000 - 0x00007ffeb53fb000 	C:\WINDOWS\SYSTEM32\CRYPTSP.dll
0x00007ffeb4b80000 - 0x00007ffeb4bb7000 	C:\WINDOWS\system32\rsaenh.dll
0x00007ffe9fc10000 - 0x00007ffea36c1000 	C:\WINDOWS\System32\DriverStore\FileRepository\nv_dispi.inf_amd64_fcb8b2221bca6b43\nvgpucomp64.dll
0x00007ffe5bed0000 - 0x00007ffe5c1d6000 	C:\WINDOWS\system32\nvspcap64.dll
0x00007ffeb4570000 - 0x00007ffeb45dc000 	C:\WINDOWS\SYSTEM32\WINSTA.dll
0x00007ffea8a30000 - 0x00007ffea8b76000 	C:\WINDOWS\SYSTEM32\textinputframework.dll
0x00007ffeae210000 - 0x00007ffeae57c000 	C:\WINDOWS\SYSTEM32\CoreUIComponents.dll
0x00007ffe9d370000 - 0x00007ffe9d3eb000 	C:\WINDOWS\system32\Oleacc.dll
0x00007ffe65ea0000 - 0x00007ffe65efd000 	C:\Users\Ian\AppData\Local\Temp\lwjgl_Ian\3.3.6+1\x64\lwjgl_opengl.dll
0x00007ffe4f350000 - 0x00007ffe4f3e9000 	C:\Users\Ian\AppData\Local\Temp\lwjgl_Ian\3.3.6+1\x64\lwjgl_stb.dll
0x00007ffe31f00000 - 0x00007ffe32033000 	C:\Users\Ian\AppData\Local\Temp\lwjgl_Ian\3.3.6+1\x64\draco.dll
0x00007ffe30060000 - 0x00007ffe305bf000 	C:\Users\Ian\AppData\Local\Temp\lwjgl_Ian\3.3.6+1\x64\assimp.dll

dbghelp: loaded successfully - version: 4.0.5 - missing functions: none
symbol engine: initialized successfully - sym options: 0x614 - pdb path: .;C:\Users\Ian\.jdks\corretto-21.0.4\bin;C:\WINDOWS\SYSTEM32;C:\WINDOWS\WinSxS\amd64_microsoft.windows.common-controls_6595b64144ccf1df_6.0.22621.5415_none_270d77d17387d7da;C:\Users\Ian\.jdks\corretto-21.0.4\bin\server;C:\Users\Ian\AppData\Local\Temp\lwjgl_Ian\3.3.6+1\x64;C:\WINDOWS\System32\DriverStore\FileRepository\nv_dispi.inf_amd64_fcb8b2221bca6b43

VM Arguments:
jvm_args: -Dfile.encoding=UTF-8 -Duser.country=US -Duser.language=en -Duser.variant 
java_command: net.ice.rune.Rune
java_class_path (initial): C:\Users\Ian\Documents\Relic\build\classes\java\main;C:\Users\Ian\Documents\Relic\build\resources\main;C:\Users\Ian\.gradle\caches\modules-2\files-2.1\io.github.spair\imgui-java-app\1.87.0\25624ee3da9585987e9af98d72306dfc6d9f2769\imgui-java-app-1.87.0.jar;C:\Users\Ian\.gradle\caches\modules-2\files-2.1\io.github.spair\imgui-java-lwjgl3\1.87.0\a012a5f097de8a0ef879a9fb58b0a8134f5842e1\imgui-java-lwjgl3-1.87.0.jar;C:\Users\Ian\.gradle\caches\modules-2\files-2.1\org.json\json\20250107\a1b5f0b5a1ce018b93a691c57ffc7d141b3a10f1\json-20250107.jar;C:\Users\Ian\.gradle\caches\modules-2\files-2.1\org.lwjgl\lwjgl-assimp\3.3.6\931a8de55dd5ee546689119c85ed4d4af7fa68f2\lwjgl-assimp-3.3.6.jar;C:\Users\Ian\.gradle\caches\modules-2\files-2.1\org.lwjgl\lwjgl-assimp\3.3.6\486fa1e2db9fc903a0cab984604cef1a895b0e28\lwjgl-assimp-3.3.6-natives-windows.jar;C:\Users\Ian\.gradle\caches\modules-2\files-2.1\org.lwjgl\lwjgl-cuda\3.3.6\149c24a7ee261786cb3894f38658b20bec691aaa\lwjgl-cuda-3.3.6.jar;C:\Users\Ian\.gradle\caches\modules-2\files-2.1\org.lwjgl\lwjgl-fmod\3.3.6\6e2e82051e651e871b4da90977f1ee13fd7ba090\lwjgl-fmod-3.3.6.jar;C:\Users\Ian\.gradle\caches\modules-2\files-2.1\org.lwjgl\lwjgl-glfw\3.3.6\7119f7d0eeb1e5502ff0ca71d2b4d47317da015\lwjgl-glfw-3.3.6.jar;C:\Users\Ian\.gradle\caches\modules-2\files-2.1\org.lwjgl\lwjgl-glfw\3.3.6\99ef08056feb9627f90425a4d2a22cd9fae8e39b\lwjgl-glfw-3.3.6-natives-windows.jar;C:\Users\Ian\.gradle\caches\modules-2\files-2.1\org.lwjgl\lwjgl-glfw\3.3.6\797e0965709ad180d9b00c88a086dbda15002203\lwjgl-glfw-3.3.6-natives-linux.jar;C:\Users\Ian\.gradle\caches\modules-2\files-2.1\org.lwjgl\lwjgl-glfw\3.3.6\82c8d748a654241b5961ddd1c098e8b648e38a48\lwjgl-glfw-3.3.6-natives-macos.jar;C:\Users\Ian\.gradle\caches\modules-2\files-2.1\org.lwjgl\lwjgl-glfw\3.3.6\399b42b491c5dfa6595ae6fd79dcba61b93538a7\lwjgl-glfw-3.3.6-natives-macos-arm64.jar;C:\Users\Ian\.gradle\caches\modules-2\files-2.1\org.lwjgl\lwjgl-nanovg\3.3.6\b6b01c8950e0d53a3e65cb4078a2ace44509ee2a\lwjgl-nanovg-3.3.6.jar;C:\Users\Ian\.gradle\caches\modules-2\files-2.1\org.lwjgl\lwjgl-nanovg\3.3.6\5b49bf72fac95789ae809592311fcfeae03cdf77\lwjgl-nanovg-3.3.6-natives-windows.jar;C:\Users\Ian\.gradle\caches\modules-2\files-2.1\org.lwjgl\lwjgl-nfd\3.3.6\e8059ffaf90c86b061fd89ddf3092979581ec72b\lwjgl-nfd-3.3.6.jar;C:\Users\Ian\.gradle\caches\modules-2\files-2.1\org.lwjgl\lwjgl-nfd\3.3.6\749514157757f81256cf28c029fc3ec0dabe9135\lwjgl-nfd-3.3.6-natives-windows.jar;C:\Users\Ian\.gradle\caches\modules-2\files-2.1\org.lwjgl\lwjgl-nuklear\3.3.6\a1fa66130955a3371cc2af58f268b90b033acbe6\lwjgl-nuklear-3.3.6.jar;C:\Users\Ian\.gradle\caches\modules-2\files-2.1\org.lwjgl\lwjgl-nuklear\3.3.6\c25f05065d7b13593e94bb3ce27d448ce8564650\lwjgl-nuklear-3.3.6-natives-windows.jar;C:\Users\Ian\.gradle\caches\modules-2\files-2.1\org.lwjgl\lwjgl-openal\3.3.6\ad313317ff399fd2a7f4dd74716a68cf3976c6ad\lwjgl-openal-3.3.6.jar;C:\Users\Ian\.gradle\caches\modules-2\files-2.1\org.lwjgl\lwjgl-openal\3.3.6\9c2b9b660e085bb0b47a4453dc0e26f24a5475e4\lwjgl-openal-3.3.6-natives-windows.jar;C:\Users\Ian\.gradle\caches\modules-2\files-2.1\org.lwjgl\lwjgl-par\3.3.6\a0d044565798236345956e2993c908195278bbd9\lwjgl-par-3.3.6.jar;C:\Users\Ian\.gradle\caches\modules-2\files-2.1\org.lwjgl\lwjgl-par\3.3.6\50a7f7029cdcac3687f105eace2a61e5b44d0118\lwjgl-par-3.3.6-natives-windows.jar;C:\Users\Ian\.gradle\caches\modules-2\files-2.1\org.lwjgl\lwjgl-shaderc\3.3.6\ab69a0e011f057ed25857c97fa3c87f20ab8f670\lwjgl-shaderc-3.3.6.jar;C:\Users\Ian\.gradle\caches\modules-2\files-2.1\org.lwjgl\lwjgl-shaderc\3.3.6\6c0358e646419b9f5a15c79df5b369eee6ea5a0c\lwjgl-shaderc-3.3.6-natives-windows.jar;C:\Users\Ian\.gradle\caches\modules-2\files-2.1\org.lwjgl\lwjgl-spvc\3.3.6\cd5803758d5ad1002341bb8942f017a380ebf637\lwjgl-spvc-3.3.6.jar;C:\Users\Ian\.gradle\caches\modules-2\files-2.1\org.lwjgl\lwjgl-spvc\3.3.6\1ee587d09a55b5a1d298820b4adc1894220f477e\lwjgl-spvc-3.3.6-natives-windows.jar;C:\Users\Ian\.gradle\caches\modules-2\files-2.1\org.lwjgl\lwjgl-stb\3.3.6\e2d3739dcfe7b672b626ded66d94f6587083306e\lwjgl-stb-3.3.6.jar;C:\Users\Ian\.gradle\caches\modules-2\files-2.1\org.lwjgl\lwjgl-stb\3.3.6\334cf885b39e2db9070c39e70e65efb136435f10\lwjgl-stb-3.3.6-natives-windows.jar;C:\Users\Ian\.gradle\caches\modules-2\files-2.1\org.lwjgl\lwjgl-vma\3.3.6\a55b4f132fd488efde8630dff03d5e7b4a69ce3f\lwjgl-vma-3.3.6.jar;C:\Users\Ian\.gradle\caches\modules-2\files-2.1\org.lwjgl\lwjgl-vma\3.3.6\64e2c6d91151770c82575d92731fc6ef1f21ed7\lwjgl-vma-3.3.6-natives-windows.jar;C:\Users\Ian\.gradle\caches\modules-2\files-2.1\org.lwjgl\lwjgl-vulkan\3.3.6\a403e0931b03b138854bb2ba9c48dab646cba6d8\lwjgl-vulkan-3.3.6.jar;C:\Users\Ian\.gradle\caches\modules-2\files-2.1\org.lwjgl\lwjgl-opengl\3.3.6\ac2532612a4df374e9a9282bcf8ce2573018ebbb\lwjgl-opengl-3.3.6.jar;C:\Users\Ian\.gradle\caches\modules-2\files-2.1\org.lwjgl\lwjgl-opengl\3.3.6\b8dc6467fe232d552793c53dc56f9fa8a385299c\lwjgl-opengl-3.3.6-natives-linux.jar;C:\Users\Ian\.gradle\caches\modules-2\files-2.1\org.lwjgl\lwjgl-opengl\3.3.6\18dc639ebc94aa5202c2157f7490d28997b697c5\lwjgl-opengl-3.3.6-natives-windows.jar;C:\Users\Ian\.gradle\caches\modules-2\files-2.1\org.lwjgl\lwjgl-opengl\3.3.6\59f708eb4bf0be0204bbc9c06807911724673db6\lwjgl-opengl-3.3.6-natives-macos.jar;C:\Users\Ian\.gradle\caches\modules-2\files-2.1\org.lwjgl\lwjgl-opengl\3.3.6\fee4fb2ee786af6530b6f9188205a76bc4e05268\lwjgl-opengl-3.3.6-natives-macos-arm64.jar;C:\Users\Ian\.gradle\caches\modules-2\files-2.1\org.lwjgl\lwjgl\3.3.6\ce7721d30cfaf47feaed10213e0c43eb55c49d68\lwjgl-3.3.6.jar;C:\Users\Ian\.gradle\caches\modules-2\files-2.1\org.lwjgl\lwjgl\3.3.6\9a29b6a22fc5184604b8cb434ee5d5ecc4bfcbee\lwjgl-3.3.6-natives-windows.jar;C:\Users\Ian\.gradle\caches\modules-2\files-2.1\org.lwjgl\lwjgl\3.3.6\dc7db8fc4f1e6563867f9155b9a42d9c73d8992f\lwjgl-3.3.6-natives-linux.jar;C:\Users\Ian\.gradle\caches\modules-2\files-2.1\org.lwjgl\lwjgl\3.3.6\f14e7a5289d2355822f4f83b3fd38d158c939acd\lwjgl-3.3.6-natives-macos.jar;C:\Users\Ian\.gradle\caches\modules-2\files-2.1\org.lwjgl\lwjgl\3.3.6\832e2964ce74e02e768814a29c06d60645115b9a\lwjgl-3.3.6-natives-macos-arm64.jar;C:\Users\Ian\.gradle\caches\modules-2\files-2.1\com.code-disaster.steamworks4j\steamworks4j-server\1.9.0\4cc2e7f084682598687d6a673457dae6f53c05eb\steamworks4j-server-1.9.0.jar;C:\Users\Ian\.gradle\caches\modules-2\files-2.1\com.code-disaster.steamworks4j\steamworks4j\1.9.0\d69b7f7540745a8d569a5400554e34d42e035da8\steamworks4j-1.9.0.jar;C:\Users\Ian\.gradle\caches\modules-2\files-2.1\org.joml\joml\1.10.7\f8c3f2e7db281bde099342dd36133de4bbba390c\joml-1.10.7.jar;C:\Users\Ian\.gradle\caches\modules-2\files-2.1\org.tinylog\tinylog-impl\2.7.0\46a5d4d50d3302460a5143e51befdb7245ccba5d\tinylog-impl-2.7.0.jar;C:\Users\Ian\.gradle\caches\modules-2\files-2.1\org.tinylog\tinylog-api\2.7.0\17875aa7c4acfee6a9e9a83a5d1469cc0411be40\tinylog-api-2.7.0.jar;C:\Users\Ian\.gradle\caches\modules-2\files-2.1\io.github.spair\imgui-java-binding\1.87.0\d4aaefccf68831f6ba75823b945ba1400278e3e7\imgui-java-binding-1.87.0.jar;C:\Users\Ian\.gradle\caches\modules-2\files-2.1\org.jetbrains.kotlin\kotlin-stdlib-jdk8\1.8.20\73576ddf378c5b4f1f6b449fe6b119b8183fc078\kotlin-stdlib-jdk8-1.8.20.jar;C:\Users\Ian\.gradle\caches\modules-2\files-2.1\org.jetbrains.kotlin\kotlin-stdlib-jdk7\1.8.20\3aa51faf20aae8b31e1a4bc54f8370673d7b7df4\kotlin-stdlib-jdk7-1.8.20.jar;C:\Users\Ian\.gradle\caches\modules-2\files-2.1\org.jetbrains.kotlin\kotlin-stdlib\1.8.20\e72fc5e03ec6c064c678a6bd0d955c88d55b0c4a\kotlin-stdlib-1.8.20.jar;C:\Users\Ian\.gradle\caches\modules-2\files-2.1\org.jetbrains.kotlin\kotlin-stdlib-common\1.8.20\5eddaaf234c8c49d03eebeb6a14feb7f90faca71\kotlin-stdlib-common-1.8.20.jar;C:\Users\Ian\.gradle\caches\modules-2\files-2.1\org.jetbrains\annotations\13.0\919f0dfe192fb4e063e7dacadee7f8bb9a2672a9\annotations-13.0.jar
Launcher Type: SUN_STANDARD

[Global flags]
     intx CICompilerCount                          = 12                                        {product} {ergonomic}
     uint ConcGCThreads                            = 5                                         {product} {ergonomic}
     uint G1ConcRefinementThreads                  = 18                                        {product} {ergonomic}
   size_t G1HeapRegionSize                         = 8388608                                   {product} {ergonomic}
    uintx GCDrainStackTargetSize                   = 64                                        {product} {ergonomic}
   size_t InitialHeapSize                          = 1073741824                                {product} {ergonomic}
   size_t MarkStackSize                            = 4194304                                   {product} {ergonomic}
   size_t MaxHeapSize                              = 17121148928                               {product} {ergonomic}
   size_t MaxNewSize                               = 10267656192                               {product} {ergonomic}
   size_t MinHeapDeltaBytes                        = 8388608                                   {product} {ergonomic}
   size_t MinHeapSize                              = 8388608                                   {product} {ergonomic}
    uintx NonNMethodCodeHeapSize                   = 7602480                                {pd product} {ergonomic}
    uintx NonProfiledCodeHeapSize                  = 122027880                              {pd product} {ergonomic}
    uintx ProfiledCodeHeapSize                     = 122027880                              {pd product} {ergonomic}
    uintx ReservedCodeCacheSize                    = 251658240                              {pd product} {ergonomic}
     bool SegmentedCodeCache                       = true                                      {product} {ergonomic}
   size_t SoftMaxHeapSize                          = 17121148928                            {manageable} {ergonomic}
     bool UseCompressedOops                        = true                           {product lp64_product} {ergonomic}
     bool UseG1GC                                  = true                                      {product} {ergonomic}
     bool UseLargePagesIndividualAllocation        = false                                  {pd product} {ergonomic}

Logging:
Log output configuration:
 #0: stdout all=warning uptime,level,tags foldmultilines=false
 #1: stderr all=off uptime,level,tags foldmultilines=false

Environment Variables:
JAVA_HOME=C:\JDK8
PATH=C:\Program Files\Microsoft MPI\Bin\;C:\VulkanSDK\1.4.304.0\Bin;C:\Program Files\Amazon Corretto\jdk17.0.12_7\bin;C:\Program Files (x86)\Common Files\Intel\Shared Libraries\redist\intel64\compiler;C:\ffmpeg\bin;C:\Program Files\Oculus\Support\oculus-runtime;C:\Program Files\Common Files\Oracle\Java\javapath;C:\Program Files (x86)\Common Files\Oracle\Java\java8path;C:\Program Files (x86)\Common Files\Oracle\Java\javapath;C:\Windows\system32;C:\Windows;C:\Windows\System32\Wbem;C:\Windows\System32\WindowsPowerShell\v1.0\;C:\Windows\System32\OpenSSH\;C:\JDK8\bin;C:\Program Files (x86)\NVIDIA Corporation\PhysX\Common;C:\Program Files\WorldPainter;C:\Program Files\dotnet\;C:\Users\Ian\Downloads\lua-5.4.2_Win64_bin;C:\WINDOWS\system32;C:\WINDOWS;C:\WINDOWS\System32\Wbem;C:\WINDOWS\System32\WindowsPowerShell\v1.0\;C:\WINDOWS\System32\OpenSSH\;C:\Users\Ian\AppData\Local\Packages\PythonSoftwareFoundation.Python.3.7_qbz5n2kfra8p0\LocalCache\local-packages\Python37\site-packages;C:\Users\Ian\AppData\Local\Packages\PythonSoftwareFoundation.Python.3.7_qbz5n2kfra8p0\LocalCache\local-packages\Python37\site-packages\virtualenv;C:\Program Files\Git\cmd;C:\Program Files\NVIDIA Corporation\NVIDIA app\NvDLISR;C:\Program Files\Docker\Docker\resources\bin;C:\Program Files\CMake\bin;C:\Program Files (x86)\Windows Kits\10\Windows Performance Toolkit\;C:\Ninja;C:\Users\Ian\.cargo\bin;C:\Users\Ian\AppData\Local\Programs\Python\Python311\Scripts\;C:\Users\Ian\AppData\Local\Programs\Python\Python311\;C:\Users\Ian\AppData\Local\Microsoft\WindowsApps;C:\Users\Ian\AppData\Local\Programs\Microsoft VS Code\bin;C:\Users\Ian\AppData\Local\Programs\Python;C:\Users\Ian\AppData\Local\Packages\PythonSoftwareFoundation.Python.3.7_qbz5n2kfra8p0\LocalCache\local-packages\Python37\site-packages;C:\Program Files (x86)\Nmap;C:\Program Files\JetBrains\IntelliJ IDEA Community Edition 2024.1.4\bin;;C:\Users\Ian\AppData\Roaming\npm;C:\Program Files\JetBrains\JetBrains Rider 2024.3\bin;;C:\Users\Ian\.dotnet\tools;C:\Users\Ian\.jdks\semeru-21.0.4;;C:\Program Files\JetBrains\RustRover 2025.1.3\bin;
USERNAME=Ian
OS=Windows_NT
PROCESSOR_IDENTIFIER=Intel64 Family 6 Model 151 Stepping 2, GenuineIntel
TMP=C:\Users\Ian\AppData\Local\Temp
TEMP=C:\Users\Ian\AppData\Local\Temp




Periodic native trim disabled

---------------  S Y S T E M  ---------------

OS:
 Windows 11 , 64 bit Build 22621 (10.0.22621.5415)
OS uptime: 0 days 3:54 hours
Hyper-V role detected

CPU: total 24 (initial active 24) (12 cores per cpu, 2 threads per core) family 6 model 151 stepping 2 microcode 0x2e, cx8, cmov, fxsr, ht, mmx, 3dnowpref, sse, sse2, sse3, ssse3, sse4.1, sse4.2, popcnt, lzcnt, tsc, tscinvbit, avx, avx2, aes, erms, clmul, bmi1, bmi2, adx, sha, fma, vzeroupper, clflush, clflushopt, clwb, hv, serialize, rdtscp, rdpid, fsrm, f16c, cet_ibt, cet_ss
Processor Information for processor 0
  Max Mhz: 3200, Current Mhz: 3200, Mhz Limit: 3200
Processor Information for processor 1
  Max Mhz: 3200, Current Mhz: 3200, Mhz Limit: 3200
Processor Information for processor 2
  Max Mhz: 3200, Current Mhz: 3200, Mhz Limit: 3200
Processor Information for processor 3
  Max Mhz: 3200, Current Mhz: 3200, Mhz Limit: 3200
Processor Information for processor 4
  Max Mhz: 3200, Current Mhz: 3200, Mhz Limit: 3200
Processor Information for processor 5
  Max Mhz: 3200, Current Mhz: 3200, Mhz Limit: 3200
Processor Information for processor 6
  Max Mhz: 3200, Current Mhz: 3200, Mhz Limit: 3200
Processor Information for processor 7
  Max Mhz: 3200, Current Mhz: 3200, Mhz Limit: 3200
Processor Information for processor 8
  Max Mhz: 3200, Current Mhz: 3200, Mhz Limit: 3200
Processor Information for processor 9
  Max Mhz: 3200, Current Mhz: 3200, Mhz Limit: 3200
Processor Information for processor 10
  Max Mhz: 3200, Current Mhz: 3200, Mhz Limit: 3200
Processor Information for processor 11
  Max Mhz: 3200, Current Mhz: 3200, Mhz Limit: 3200
Processor Information for processor 12
  Max Mhz: 3200, Current Mhz: 3200, Mhz Limit: 3200
Processor Information for processor 13
  Max Mhz: 3200, Current Mhz: 3200, Mhz Limit: 3200
Processor Information for processor 14
  Max Mhz: 3200, Current Mhz: 3200, Mhz Limit: 3200
Processor Information for processor 15
  Max Mhz: 3200, Current Mhz: 3200, Mhz Limit: 3200
Processor Information for processor 16
  Max Mhz: 3200, Current Mhz: 2400, Mhz Limit: 2400
Processor Information for processor 17
  Max Mhz: 3200, Current Mhz: 2400, Mhz Limit: 2400
Processor Information for processor 18
  Max Mhz: 3200, Current Mhz: 2400, Mhz Limit: 2400
Processor Information for processor 19
  Max Mhz: 3200, Current Mhz: 2400, Mhz Limit: 2400
Processor Information for processor 20
  Max Mhz: 3200, Current Mhz: 2400, Mhz Limit: 2400
Processor Information for processor 21
  Max Mhz: 3200, Current Mhz: 2400, Mhz Limit: 2400
Processor Information for processor 22
  Max Mhz: 3200, Current Mhz: 2400, Mhz Limit: 2400
Processor Information for processor 23
  Max Mhz: 3200, Current Mhz: 2400, Mhz Limit: 2400

Memory: 4k page, system-wide physical 65299M (47026M free)
TotalPageFile size 69395M (AvailPageFile size 46201M)
current process WorkingSet (physical memory assigned to process): 135M, peak: 135M
current process commit charge ("private bytes"): 1510M, peak: 1627M

vm_info: OpenJDK 64-Bit Server VM (21.0.4+7-LTS) for windows-amd64 JRE (21.0.4+7-LTS), built on 2024-07-10T17:34:29Z by "Administrator" with MS VC++ 16.10 / 16.11 (VS2019)

END.
